rutube.ru
webhost1.ru
onetworent.com
yarportal.ru
kotlove.ru
ivx.ru
vpk.name
dfiles.ru
cso-tarasovskiy.ru
deti.mail.ru
ixbt.games
kamchatinfo.com
hitfile.net
setinn.tv
amo.team
id-e.ru
vestikavkaza.com
express.ms
imo.im
doctorpiter.ru
yaplakal.com
newkuzbass.ru
mediafireuserdownload.com
wayupload.com
www.rudnikov.com
cheldiplom.ru
bankfax.ru
71.ru
66.ru
spb.agroserver.ru
tamtam.chat
kuzpress.ru
onlinevologda.ru
all4stream.com
33mayak.ru
tech.ru
sutochno.ru
games.mail.ru
provladimir.ru
www.blogs.opera.com
42.ru
vryazani.ru
fontanka.ru
om-saratov.ru
turbobit.net
tc-region.ru
progorodsamara.ru
lawds.ru
teamo.ru
spakrdshop.ru
brandrussia.online
treekix.com
badoo.com
www.khit.info
proza.ru
znamja.com
iserve.chat
hron.ru
go7812.ru
market.nakaba.ru
kbs.ru
tvsar.ru
urban3p.ru
forum.academ.org
rosdetstvo.com
bloha.info
8422city.ru
kp22.ru
kuz-news.ru
orl.ec
moikrug.ru
ipserver.su
uslugi.yandex.ru
www.petalmail.com
provoronezh.ru
sakhalife.ru
leadgenbot.ru
sakhamedia.ru
sakhanews.ru
drugvokrug.kz
agroserver.ru
fishki.net
neva1.ru
bloknot.ru
u3p.ru
t-communicator.ru
voltmessenger.com
maps.yandex.ru
2gis.ru
www.youdo.com
gorodbazhopol.ru
www.kamtv.ru
zadorskii.ru
katya.wtf
go64.ru
ngs.ru
znakomstva.ru
41.ru
msk.agroserver.ru
habrahabr.ru
wamba.com
vtule.ru
другвокруг.рф
mkb-am.ru
islam-rm.com
vrostovend.ru
100li4ka.ru
vin.www-klass.ru
арт-волна.рф
vrossii.ru
profi.ru
meshok.net
online.mkb.ru
sakhaday.ru
mamazanuda.ru
kam24.ru
altapress.ru
progorodnsk.ru
komok.com
19-ok.ru
ru.center
vvologde.com
jarnama.kg
go.yandex.ru
vlipetske.com
cyberdengi.com
mediaget.com
cloud.mail.ru
49.ru
www.trassagk.ru
dogsy.ru
sibdepo.ru
vestnikjr.ru
newsorel.ru
www.bigo.tv
51.ru
failiem.lv
joylight.org
osu.ru
m.tabor.ru
vtomske.ru
www.ria57.ru
newstula.ru
mkb-broker.ru
agent.mail.ru
neeopal.com
threema.ch
citysakh.ru
ok.ru
e.mail.ru
https://incamp.ru
highseason.pro
autolocator.ru
www.gazetavechorka.ru
53.ru
forum.ykt.ru
mychel.ru
info-dvd.ru
tmsg-p2p.tinkoff.ru
istoki.tv
vestikavkaza.ru
lao.academ.info
vkutils.ru
ngs38.ru
24open.ru
v1.ru
uon-assistant.ru
forum.guns.ru
goukhta.ru
u-on.pro
newssports.online
электрон35.рф
www.ast-innovation.ru
hgclub.ru
veloturo.ru
stavropol.agroserver.ru
market.yandex.ru
ysia.ru
mega.nz
www.pryaniki.org
cheldoctor.ru
mail.udmr.ru
qrme.su
kubantoday.ru
omskpress.ru
my.tech.ru
life14.ru
59.ru
crimyakutia.ru
ixbt.photo
zabinfo.ru
161.ru
auto.ru
amo.io
vsmolenske.ru
vvolgograde.com
www.ru.center
ngs42.ru
vestnikkavkaza.org
www.biterika.com
zebra-tv.ru
mamba.ru
blokbloknot-shakhty.ru
www.comments.rambler.ru
rnd.agroserver.ru
www.kurer-sreda.ru
conversations.im
mylove.ru
civicforum.ru
46.ru
mail.km.ru
vyazmanews.net
dzen.ru
krutomer.ru
oneislam.ru
drotr.com
taxi.yandex.ru
24kovrov.ru
bloknot-volgograd.ru
newsvo.ru
amo.tm
sarinform.ru
go57.ru
www.vl.ru
netsocial.ru
otvetapp.ru
3654.ru
7afish.ru
vbo.mkb.ru
betteraskbot.com
sterlitamak1.ru
amur.info.ru
amit.ru
newsvladimir.ru
adman.com
infoclub.info
guz5kb.ru
1rnd.ru
ihc.ru
localkitchen.ru
fishkamchatka.ru
vkurske.com
begeton.com
move.ru
odnoklassniki.ru
oosh3-tayga.ucoz.ru
it-mgroup.ru
www.snap.com
rucybersecurity.ru
www.lensmena.ru
veshkaima.ru
dnevniki.ykt.ru
podrygka.ru
www.newkaliningrad.ru
urban3p.com
sochi1.ru
dismas.ru
ixbt.market
online.sberbank.ru
proizhevsk.ru
webnames.ru
messenger.sberbank.ru
ostrovok.ru
murom360.ru
depositfiles.org
gazetaingush.ru
drugvokrug.ru
news.mail.ru
t.me
nakaba.ru
forum.amit.ru
hh.ru
evroremont.amit.ru
70.ru
smb.ixbt.com
golosislama.ru
unlimitedtech.ru
yarnovosti.com
kanet.ru
www.infpol.ru
icq.com
bloknot-rostov.ru
www.gubernia.com
blogs.opera.com
vestnikkavkaza.net
webmail.meta.ua
forum.ixbt.com
info-forum.ru
fotostrana.ru
depositfiles.com
ngs70.ru
sakhanauka.ru
ekb.agroserver.ru
tpass.me
loperniro.ru
www.livejournal.com
www.4pera.com
netpoint-dc.com
go68.ru
www.pubgmobile.com
newsler.ru
60.ru
file.fm
www.babyblog.ru
gramsk.ru
drugvokrug.net
pechka.ykt.ru
damochka.ru
serhito.ru
kirov-portal.ru
dphotoworld.net
mirtesen.ru
tinder.com
www.ura.news
health.mail.ru
vbelgorode.com
ivday.ru
avito.ru
www.carsclub.ru
vestnikkavkaza.com
pets.mail.ru
oren1.ru
volgasib.ru
welcomebot.ru
yavanga.ru
support.ihc.ru
izhevsk.ru
calendar.yandex.ru
68.ru
newslipetsk.ru
dialoglan.ru
43.ru
im.krtech.ru
www.myarena.ru
tvcom-tv.ru
my.mail.ru
krivoe-zerkalo.ru
auto.mail.ru
ngs55.ru
www.cn.ru
www.forumhouse.ru
pravorub.ru
chelyabinsk.agroserver.ru
blackbirdy.ru
черкасофф.рф
kiselevsknews.ru
b2bot.org
mr360.ru
newsivanovo.ru
otvet.mail.ru
igs.pw
vipvolgograd.ru
kamchatinfo.ru
donnews.ru
www.orvest.ru
www.o-gorod.net
getcontact.com
chel.ru
nic.ru
24gadget.ru
dvnovosti.ru
vkostrome.com
api-invest-gw.tinkoff.ru
go38.ru
vyaroslavle.ru
свойкировский.рф
risp.ru
vtveri.ru
vimeo.com
forum.glazov.net
lirchat.com
47.ru
joker.ykt.ru
2ch.hk
kalexe.ru
vo-vladimire.ru
sayanogorsk.info
dogsi.ru
metrologynet.ru
tempsms.ru
www.liveinternet.ru
disk.yandex.ru
lirchat.ru
uralweb.ru
tis-dialog.ru
dstglobal.ru
delta.ru
labrador.ru
vk.com
www.narod-slovomr.ru
startmail.com
mediafirecdn.com
souztehplast.ru
rb7.ru
guranka.ru
http://tayga.info
vdsina.ru
collections.yandex.ru
monamour.ru
33strausa.ru
www.aartyk.ru
kuprod.ru
polrk.com
www.loveplanet.ru
a42.ru
barnaul.agroserver.ru
kineshemec.ru
sutynews.ru
anadyr.org
lavka.yandex.ru
omsk1.ru
154.ru
vkaluge.ru
zakon.ru
mediafireuserupload.com
e58.ru
cbline.ru
http://spni.rkomi.ru
sakha.ysia.ru
178.ru
justhost.ru
sform.ru
sakh.com
ufa1.ru
vzsar.ru
archive.ysia.ru
www.drive2.ru
forum.zarulem.ws
mediafire.com
nsk.agroserver.ru
gorodlip.ru
voronezh.agroserver.ru
gg34.ru
avtodor-tr.ru
m.newkaliningrad.ru
eda.yandex.ru
vnizhnem.com
moe-online.ru
datacheap.ru
mail.akrubin.ru
ipcserver.com
www.bigovideo.ru
tolyatty.ru
newton.finance
vp43.ru
35.ru
bloknot-voronezh.ru
www.portamur.ru
www.astv.ru
www.professionali.ru
wolsk.ru
business-magazine.online
www.doktornarabote.ru
vpenze.com
vbryanske.com
altau.ru
stihi.ru
www.advokatmatveev.ru
edersaas.ru
severpost.ru
14.ru
web.telegram.org
telegram.org
93.ru
74.ru
pikabu.ru
ngs24.ru
kavkaz-uzel.ru
privet-rostov.ru
vmeste.ru
куарми.рф
vestnikkavkaza.ru
ngs22.ru
vvoronezhe.ru
vestikavkaza.org
mailbox.org
beelinegid.ru
ircity.ru
1sn.ru
www.farpost.ru
bazarpnz.ru
vn.ru
forum.sakh.com
nn.ru
v102.ru
realty.yandex.ru
testgid.ru
31.ru
edu.mail.ru
vorle.ru
другвокруг.рус
mdi-connect.ru
km.ru
rechain.online
28.ru
kassy.ru
tvernews.ru
wechat.com
www.orsk.ru
okaygorod.com
spaces.ru
www.snaappy.com
getmeet.com
notisend.ru
sykt24.ru
www.drom.ru
www.albatros-med.ru
berkat.ru
guns.ru
youla.ru
www.ucoz.ru
forum.ozpp.ru
mega.io
medpnz.ru
168.ru
gazetayakutia.ru
nabat.news
sergeimorozov.com
shagonar17.ru
web.amo.tm
bvf.ru
www.ixbt.com
spakrd.ru
runall.ru
oreltimes.ru
75.ru
orenday.ru
kaluganews.ru
www.mail.rambler.ru
саханьюс.рф
files.fm
lady.mail.ru
biznesnet.net
www.aeroflot.ru
mail2.akrubin.ru
kinoteatr.ru
myvklive.ru
ekat.ru
q.yandex.ru
www.nic.ru
www.grozny-inform.ru
cmlt.ru
neonarod.com
ryazannews.ru
e1.ru
severomorsk.org
old.gazetaingush.ru
all4stream.ru
news.ykt.ru
voronezhnews.ru
forum.na-svyazi.ru
automaticsolutions.ru
sakha.estate
newsbryansk.ru
www.beru14.ru
progorod43.ru
kubomeduza.ru
www.vesiskitim.ru
www.mamaabakana.ru
8692.ru
www.blablacar.ru
hfriend.ru
abireg.ru
rekportal.ru
www.forum.mamaabakana.ru
forum.academ.info
ntx.ru
flamp.ru
ilk-altai22.ucoz.net
yakutia-daily.ru
vkrugudruzei.ru
www.mail.bg
severomorsk.life
vorle.xyz
opentown.org
tabor.ru
sibnet.ru
qiwi.com
dfiles.eu
oren.ru
vivanovo.com
common.comments.yandex.ru
ykt.ru
hi-tech.mail.ru
intourist.com
equesto.ru
roem.ru
gorno-altaisk.info
intourist.ru
etnomagazin.ru
ipcserver.ru
chats.gorodtroika.ru
mail.yandex.ru
wikimapia.org
bnkirov.ru
